Script started on Tue 03 Feb 2015 06:57:56 AM PST
~
rpasi001@hammer $ ls
[0m[01;34mlabs[0m/  [01;34mrshell[0m/  string.cpp  token.cpp  [01;34mucr-cs100[0m/  [01;34mWINDOWS[0m/
[m~
rpasi001@hammer $ cd rshell/
~/rshell
rpasi001@hammer $ ls
[0m[01;34mbin[0m/  LICENSE  Makefile  README.md  [01;34msrc[0m/  testCases  [01;32mtester[0m*  [01;34mtests[0m/  typescript
[m~/rshell
rpasi001@hammer $ bin/rshell 
rpasi001@hammer.cs.ucr.edu $ echo so  something # exit
something
rpasi001@hammer.cs.ucr.edu $ echo something || exit
something
rpasi001@hammer.cs.ucr.edu $ echo something && ech  o something # else
something
something
rpasi001@hammer.cs.ucr.edu $ #echo something
rpasi001@hammer.cs.ucr.edu $ 
rpasi001@hammer.cs.ucr.edu $ 
rpasi001@hammer.cs.ucr.edu $ 
rpasi001@hammer.cs.ucr.edu $ 
rpasi001@hammer.cs.ucr.edu $ 
rpasi001@hammer.cs.ucr.edu $ 
rpasi001@hammer.cs.ucr.edu $ 
rpasi001@hammer.cs.ucr.edu $ 
rpasi001@hammer.cs.ucr.edu $ 
rpasi001@hammer.cs.ucr.edu $ 	
rpasi001@hammer.cs.ucr.edu $           
rpasi001@hammer.cs.ucr.edu $ echo tur  rue && echo true || echo false && echo true ; echo false # echo more stuff
true
true
true
false
rpasi001@hammer.cs.ucr.edu $ exit        exit
~/rshell
rpasi001@hammer $ bin/rshell 
rpasi001@hammer.cs.ucr.edu $ exit -with os  some         thFAL  LAGS
~/rshell
rpasi001@hammer $ bin/rshell 
rpasi001@hammer.cs.ucr.edu $ echo somethn ing ; exit    		exit -al
something
~/rshell
rpasi001@hammer $ bin/rshell 
rpasi001@hammer.cs.ucr.edu $ echo someting   hing ||  exit && echo someh thing else && exit
something
something else
~/rshell
rpasi001@hammer $ e[Kthe rest of the cases will be done through a script called tested[Kr[4he[4l[4hc[4l[4hh[4l[4ho[4l[4h [4l[4h*[4l[4h*[4l[4h*[4l[4h*[4l[C[C[C[C[C[C[C[C[C[C[C[C[C[C[C[C[C[C[C[C[C[C[C[C[C[C[C[C[C[C[C[C[C[C[C[C[C[C[C[C[C[C[C[C[C[C[C[C[C[C[C[C[C[C[C[C[C[C[C[C[C[C[C[C[C****
****the rest of the cases will be done through a script called tester
~/rshell
rpasi001@hammer $ ls
[0m[01;34mbin[0m/  LICENSE  Makefile  README.md  [01;34msrc[0m/  testCases  [01;32mtester[0m*  [01;34mtests[0m/  typescript
[m~/rshell
rpasi001@hammer $ ./test[K[K[K[K[K[Kcat tester 
#!/bin/bash
a=";exit"
b="echo ;"
while read in
do
    echo "******************************************************************************"
    echo $in
    c=$b$in$a
    echo $c | bin/rshell
done < <(cat testCases)
~                                       
~/rshell
rpasi001@hammer $ 
~/rshell
rpasi001@hammer $ 
~/rshell
rpasi001@hammer $ 
~/rshell
rpasi001@hammer $ 
~/rshell
rpasi001@hammer $ cat testCases 
ls 
ls -a  
ls -l -a  
ls -al    
ls ; echo something 
ls;echo something 
echo something  
echo someting
echo ";&&||"
echo "something"else""
l    
ls a    
ls -0    
/bin/ls 
ls /path
ls || echo something    
ls && echo somethin 
ls; echo something && echo something
ls || echo something; echo something
ls        -a    
ls          -a    
\n    
ls ? -a  
l || ls  
ls || l 
l && ls  
ls && l 
l;ls
ls;l
l;l 
l||l
l&&l
ls -aaaaaaaaaaaaaaaaaaa -llllllllllllllllllllllllllllllllllllllllllllllllllll -aaaaaaaaaaaaaaaaaaaaaaaaaaaaaaaaaaaaaaaaaaaaa
ls -a -a -a -a -a -a -a -a -a -a -a -a -a -a -a -a -a -l
ls -aaaaaaaaaaaaaaaaaaaaaaaaaaaaaaaaaaaaaaaaaaaaaaaaaaaaaaaaaaaaaaaaaaaaaaaaaaaaaaaaaaaaaaaaaaaaaaaaaaaaaaaaaaaaaaaaaaaaaaaaaaaaaaaaaaaaaaaaaaaaaaaaaaaa
echo something else
            ls -l           -a          -a                                  -h 
echo something || ls -l && echo success && echo suceess2
echo something ;;;;;;;;;;;;;; echo test || echo pass && ech0 || echo last line to print
echo something | something & something && echo something else
echo some || || || || echo 2 
echo 1 && && && && && && && && && && && echo 2
echo 1 &&&&&&&&&&&& echo2
echo 1 ;;;||||&&&& echo 3
~/rshell
rpasi001@hammer $ 
~/rshell
rpasi001@hammer $ 
~/rshell
rpasi001@hammer $ 
~/rshell
rpasi001@hammer $ 
~/rshell
rpasi001@hammer $ 
~/rshell
rpasi001@hammer $ 
~/rshell
rpasi001@hammer $ 
~/rshell
rpasi001@hammer $ 
~/rshell
rpasi001@hammer $ ./tester 
******************************************************************************
ls
rpasi001@hammer.cs.ucr.edu $ 
bin  LICENSE  Makefile	README.md  src	testCases  tester  tests  typescript
******************************************************************************
ls -a
rpasi001@hammer.cs.ucr.edu $ 
.  ..  bin  .git  LICENSE  Makefile  README.md	src  testCases	tester	tests  typescript
******************************************************************************
ls -l -a
rpasi001@hammer.cs.ucr.edu $ 
total 60
drwx------  6 rpasi001 csmajs  4096 Feb  3 06:54 .
drwx------ 12 rpasi001 csmajs  4096 Feb  3 06:53 ..
drwx------  2 rpasi001 csmajs  4096 Feb  3 06:38 bin
drwx------  8 rpasi001 csmajs  4096 Feb  3 06:05 .git
-rw-------  1 rpasi001 csmajs 18027 Feb  3 05:41 LICENSE
-rw-------  1 rpasi001 csmajs   142 Feb  3 05:41 Makefile
-rw-------  1 rpasi001 csmajs  1495 Feb  3 05:41 README.md
drwx------  2 rpasi001 csmajs  4096 Feb  3 05:48 src
-rw-------  1 rpasi001 csmajs  1191 Feb  3 06:47 testCases
-rwxr-xr-x  1 rpasi001 csmajs   257 Feb  3 06:53 tester
drwx------  2 rpasi001 csmajs  4096 Feb  3 05:41 tests
-rw-------  1 rpasi001 csmajs     0 Feb  3 06:54 typescript
******************************************************************************
ls -al
rpasi001@hammer.cs.ucr.edu $ 
total 60
drwx------  6 rpasi001 csmajs  4096 Feb  3 06:54 .
drwx------ 12 rpasi001 csmajs  4096 Feb  3 06:53 ..
drwx------  2 rpasi001 csmajs  4096 Feb  3 06:38 bin
drwx------  8 rpasi001 csmajs  4096 Feb  3 06:05 .git
-rw-------  1 rpasi001 csmajs 18027 Feb  3 05:41 LICENSE
-rw-------  1 rpasi001 csmajs   142 Feb  3 05:41 Makefile
-rw-------  1 rpasi001 csmajs  1495 Feb  3 05:41 README.md
drwx------  2 rpasi001 csmajs  4096 Feb  3 05:48 src
-rw-------  1 rpasi001 csmajs  1191 Feb  3 06:47 testCases
-rwxr-xr-x  1 rpasi001 csmajs   257 Feb  3 06:53 tester
drwx------  2 rpasi001 csmajs  4096 Feb  3 05:41 tests
-rw-------  1 rpasi001 csmajs     0 Feb  3 06:54 typescript
******************************************************************************
ls ; echo something
rpasi001@hammer.cs.ucr.edu $ 
bin  LICENSE  Makefile	README.md  src	testCases  tester  tests  typescript
something
******************************************************************************
ls;echo something
rpasi001@hammer.cs.ucr.edu $ 
bin  LICENSE  Makefile	README.md  src	testCases  tester  tests  typescript
something
******************************************************************************
echo something
rpasi001@hammer.cs.ucr.edu $ 
something
******************************************************************************
echo someting
rpasi001@hammer.cs.ucr.edu $ 
someting
******************************************************************************
echo ";&&||"
rpasi001@hammer.cs.ucr.edu $ 
"
": No such file or directory
******************************************************************************
echo "something"else""
rpasi001@hammer.cs.ucr.edu $ 
"something"else""
******************************************************************************
l
rpasi001@hammer.cs.ucr.edu $ 
l: No such file or directory
******************************************************************************
ls a
rpasi001@hammer.cs.ucr.edu $ 
ls: cannot access a: No such file or directory
******************************************************************************
ls -0
rpasi001@hammer.cs.ucr.edu $ 
ls: invalid option -- '0'
Try `ls --help' for more information.
******************************************************************************
/bin/ls
rpasi001@hammer.cs.ucr.edu $ 
bin  LICENSE  Makefile	README.md  src	testCases  tester  tests  typescript
******************************************************************************
ls /path
rpasi001@hammer.cs.ucr.edu $ 
ls: cannot access /path: No such file or directory
******************************************************************************
ls || echo something
rpasi001@hammer.cs.ucr.edu $ 
bin  LICENSE  Makefile	README.md  src	testCases  tester  tests  typescript
******************************************************************************
ls && echo somethin
rpasi001@hammer.cs.ucr.edu $ 
bin  LICENSE  Makefile	README.md  src	testCases  tester  tests  typescript
somethin
******************************************************************************
ls; echo something && echo something
rpasi001@hammer.cs.ucr.edu $ 
bin  LICENSE  Makefile	README.md  src	testCases  tester  tests  typescript
something
something
******************************************************************************
ls || echo something; echo something
rpasi001@hammer.cs.ucr.edu $ 
bin  LICENSE  Makefile	README.md  src	testCases  tester  tests  typescript
something
******************************************************************************
ls -a
rpasi001@hammer.cs.ucr.edu $ 
.  ..  bin  .git  LICENSE  Makefile  README.md	src  testCases	tester	tests  typescript
******************************************************************************
ls -a
rpasi001@hammer.cs.ucr.edu $ 
.  ..  bin  .git  LICENSE  Makefile  README.md	src  testCases	tester	tests  typescript
******************************************************************************
n
rpasi001@hammer.cs.ucr.edu $ 
n: No such file or directory
******************************************************************************
ls ? -a
rpasi001@hammer.cs.ucr.edu $ 
ls: cannot access ?: No such file or directory
******************************************************************************
l || ls
rpasi001@hammer.cs.ucr.edu $ 
l: No such file or directory
bin  LICENSE  Makefile	README.md  src	testCases  tester  tests  typescript
******************************************************************************
ls || l
rpasi001@hammer.cs.ucr.edu $ 
bin  LICENSE  Makefile	README.md  src	testCases  tester  tests  typescript
******************************************************************************
l && ls
rpasi001@hammer.cs.ucr.edu $ 
l: No such file or directory
******************************************************************************
ls && l
rpasi001@hammer.cs.ucr.edu $ 
bin  LICENSE  Makefile	README.md  src	testCases  tester  tests  typescript
l: No such file or directory
******************************************************************************
l;ls
rpasi001@hammer.cs.ucr.edu $ 
l: No such file or directory
bin  LICENSE  Makefile	README.md  src	testCases  tester  tests  typescript
******************************************************************************
ls;l
rpasi001@hammer.cs.ucr.edu $ 
bin  LICENSE  Makefile	README.md  src	testCases  tester  tests  typescript
l: No such file or directory
******************************************************************************
l;l
rpasi001@hammer.cs.ucr.edu $ 
l: No such file or directory
l: No such file or directory
******************************************************************************
l||l
rpasi001@hammer.cs.ucr.edu $ 
l: No such file or directory
l: No such file or directory
******************************************************************************
l&&l
rpasi001@hammer.cs.ucr.edu $ 
l: No such file or directory
******************************************************************************
ls -aaaaaaaaaaaaaaaaaaa -llllllllllllllllllllllllllllllllllllllllllllllllllll -aaaaaaaaaaaaaaaaaaaaaaaaaaaaaaaaaaaaaaaaaaaaa
rpasi001@hammer.cs.ucr.edu $ 
total 60
drwx------  6 rpasi001 csmajs  4096 Feb  3 06:54 .
drwx------ 12 rpasi001 csmajs  4096 Feb  3 06:53 ..
drwx------  2 rpasi001 csmajs  4096 Feb  3 06:38 bin
drwx------  8 rpasi001 csmajs  4096 Feb  3 06:05 .git
-rw-------  1 rpasi001 csmajs 18027 Feb  3 05:41 LICENSE
-rw-------  1 rpasi001 csmajs   142 Feb  3 05:41 Makefile
-rw-------  1 rpasi001 csmajs  1495 Feb  3 05:41 README.md
drwx------  2 rpasi001 csmajs  4096 Feb  3 05:48 src
-rw-------  1 rpasi001 csmajs  1191 Feb  3 06:47 testCases
-rwxr-xr-x  1 rpasi001 csmajs   257 Feb  3 06:53 tester
drwx------  2 rpasi001 csmajs  4096 Feb  3 05:41 tests
-rw-------  1 rpasi001 csmajs     0 Feb  3 06:54 typescript
******************************************************************************
ls -a -a -a -a -a -a -a -a -a -a -a -a -a -a -a -a -a -l
rpasi001@hammer.cs.ucr.edu $ 
total 60
drwx------  6 rpasi001 csmajs  4096 Feb  3 06:54 .
drwx------ 12 rpasi001 csmajs  4096 Feb  3 06:53 ..
drwx------  2 rpasi001 csmajs  4096 Feb  3 06:38 bin
drwx------  8 rpasi001 csmajs  4096 Feb  3 06:05 .git
-rw-------  1 rpasi001 csmajs 18027 Feb  3 05:41 LICENSE
-rw-------  1 rpasi001 csmajs   142 Feb  3 05:41 Makefile
-rw-------  1 rpasi001 csmajs  1495 Feb  3 05:41 README.md
drwx------  2 rpasi001 csmajs  4096 Feb  3 05:48 src
-rw-------  1 rpasi001 csmajs  1191 Feb  3 06:47 testCases
-rwxr-xr-x  1 rpasi001 csmajs   257 Feb  3 06:53 tester
drwx------  2 rpasi001 csmajs  4096 Feb  3 05:41 tests
-rw-------  1 rpasi001 csmajs     0 Feb  3 06:54 typescript
******************************************************************************
ls -aaaaaaaaaaaaaaaaaaaaaaaaaaaaaaaaaaaaaaaaaaaaaaaaaaaaaaaaaaaaaaaaaaaaaaaaaaaaaaaaaaaaaaaaaaaaaaaaaaaaaaaaaaaaaaaaaaaaaaaaaaaaaaaaaaaaaaaaaaaaaaaaaaaa
rpasi001@hammer.cs.ucr.edu $ 
.  ..  bin  .git  LICENSE  Makefile  README.md	src  testCases	tester	tests  typescript
******************************************************************************
echo something else
rpasi001@hammer.cs.ucr.edu $ 
something else
******************************************************************************
ls -l -a -a -h
rpasi001@hammer.cs.ucr.edu $ 
total 60K
drwx------  6 rpasi001 csmajs 4.0K Feb  3 06:54 .
drwx------ 12 rpasi001 csmajs 4.0K Feb  3 06:53 ..
drwx------  2 rpasi001 csmajs 4.0K Feb  3 06:38 bin
drwx------  8 rpasi001 csmajs 4.0K Feb  3 06:05 .git
-rw-------  1 rpasi001 csmajs  18K Feb  3 05:41 LICENSE
-rw-------  1 rpasi001 csmajs  142 Feb  3 05:41 Makefile
-rw-------  1 rpasi001 csmajs 1.5K Feb  3 05:41 README.md
drwx------  2 rpasi001 csmajs 4.0K Feb  3 05:48 src
-rw-------  1 rpasi001 csmajs 1.2K Feb  3 06:47 testCases
-rwxr-xr-x  1 rpasi001 csmajs  257 Feb  3 06:53 tester
drwx------  2 rpasi001 csmajs 4.0K Feb  3 05:41 tests
-rw-------  1 rpasi001 csmajs    0 Feb  3 06:54 typescript
******************************************************************************
echo something || ls -l && echo success && echo suceess2
rpasi001@hammer.cs.ucr.edu $ 
something
success
suceess2
******************************************************************************
echo something ;;;;;;;;;;;;;; echo test || echo pass && ech0 || echo last line to print
rpasi001@hammer.cs.ucr.edu $ 
something
test
ech0: No such file or directory
last line to print
******************************************************************************
echo something | something & something && echo something else
rpasi001@hammer.cs.ucr.edu $ 
something | something & something
something else
******************************************************************************
echo some || || || || echo 2
rpasi001@hammer.cs.ucr.edu $ 
some
******************************************************************************
echo 1 && && && && && && && && && && && echo 2
rpasi001@hammer.cs.ucr.edu $ 
1
******************************************************************************
echo 1 &&&&&&&&&&&& echo2
rpasi001@hammer.cs.ucr.edu $ 
1
******************************************************************************
echo 1 ;;;||||&&&& echo 3
rpasi001@hammer.cs.ucr.edu $ 
1
./tester: line 11: /home/csmajs/rpasi001: is a directory
~/rshell
rpasi001@hammer $ exit
exit

Script done on Tue 03 Feb 2015 07:05:53 AM PST
